
================================================================================
PHASE 2: DEEP DECISION ANALYSIS - PPO vs RMS
================================================================================

Loading PPO model...

################################################################################
# Normal (U≈1.03)
################################################################################

PPO Performance:
  Mean reward: 88.28 ± 5.75
  Mean misses: 0.00 ± 0.00

======================================================================
ANALYSIS: Normal (U≈1.03)
======================================================================

Task Selection Frequency:

Task     Period     WCET       Freq %     RMS?    
--------------------------------------------------
0        25         4          20.8       YES     
1        35         6          18.6       NO      
2        45         7          14.0       NO      
3        50         8          13.0       NO      
4        60         10         11.0       NO      
5        75         12         20.8       NO      

Most-selected task: 0 (Period=25)
RMS preferred task: 0 (Period=25)
✓ PPO ALIGNS with RMS on primary choice

################################################################################
# Stressed (U≈1.15)
################################################################################

PPO Performance:
  Mean reward: 95.60 ± 6.14
  Mean misses: 0.00 ± 0.00

======================================================================
ANALYSIS: Stressed (U≈1.15)
======================================================================

Task Selection Frequency:

Task     Period     WCET       Freq %     RMS?    
--------------------------------------------------
0        25         4          16.6       YES     
1        35         6          19.9       NO      
2        45         8          13.4       NO      
3        50         9          13.7       NO      
4        60         11         12.4       NO      
5        75         14         24.0       NO      

Most-selected task: 5 (Period=75)
RMS preferred task: 0 (Period=25)
✗ PPO DIVERGES from RMS on primary choice

################################################################################
# Extreme U=1.20
################################################################################

PPO Performance:
  Mean reward: 88.02 ± 2.94
  Mean misses: 0.00 ± 0.00

======================================================================
ANALYSIS: Extreme U=1.20
======================================================================

Task Selection Frequency:

Task     Period     WCET       Freq %     RMS?    
--------------------------------------------------
0        25         5          22.2       YES     
1        35         6          16.4       NO      
2        45         9          13.3       NO      
3        50         10         13.7       NO      
4        60         11         14.0       NO      
5        75         14         18.8       NO      

Most-selected task: 0 (Period=25)
RMS preferred task: 0 (Period=25)
✓ PPO ALIGNS with RMS on primary choice

################################################################################
# Extreme U=1.30
################################################################################

PPO Performance:
  Mean reward: 101.97 ± 5.62
  Mean misses: 0.00 ± 0.00

======================================================================
ANALYSIS: Extreme U=1.30
======================================================================

Task Selection Frequency:

Task     Period     WCET       Freq %     RMS?    
--------------------------------------------------
0        25         5          19.1       YES     
1        35         7          17.7       NO      
2        45         9          14.2       NO      
3        50         10         14.1       NO      
4        60         13         16.4       NO      
5        75         16         18.4       NO      

Most-selected task: 0 (Period=25)
RMS preferred task: 0 (Period=25)
✓ PPO ALIGNS with RMS on primary choice

################################################################################
# Extreme U=1.40
################################################################################

PPO Performance:
  Mean reward: 94.67 ± 8.50
  Mean misses: 0.00 ± 0.00

======================================================================
ANALYSIS: Extreme U=1.40
======================================================================

Task Selection Frequency:

Task     Period     WCET       Freq %     RMS?    
--------------------------------------------------
0        25         5          18.6       YES     
1        35         8          19.7       NO      
2        45         10         14.3       NO      
3        50         11         14.8       NO      
4        60         13         15.6       NO      
5        75         17         17.1       NO      

Most-selected task: 1 (Period=35)
RMS preferred task: 0 (Period=25)
✗ PPO DIVERGES from RMS on primary choice

################################################################################
# Extreme U=1.50
################################################################################

PPO Performance:
  Mean reward: 101.46 ± 2.64
  Mean misses: 0.00 ± 0.00

======================================================================
ANALYSIS: Extreme U=1.50
======================================================================

Task Selection Frequency:

Task     Period     WCET       Freq %     RMS?    
--------------------------------------------------
0        25         6          19.7       YES     
1        35         8          18.2       NO      
2        45         11         14.8       NO      
3        50         12         16.0       NO      
4        60         15         17.9       NO      
5        75         18         11.6       NO      

Most-selected task: 0 (Period=25)
RMS preferred task: 0 (Period=25)
✓ PPO ALIGNS with RMS on primary choice

Visualization saved: decision_analysis_comparison.png


================================================================================
SUMMARY: PPO vs RMS STRATEGY ALIGNMENT
================================================================================

Condition                 U          PPO Primary     RMS Primary     Align     
---------------------------------------------------------------------------
Normal (U≈1.03)           1.03       Task 0 (P=25 ) Task 0 (P=25 ) YES ✓     
Stressed (U≈1.15)         1.15       Task 5 (P=75 ) Task 0 (P=25 ) NO ✗      
Extreme U=1.20            1.20       Task 0 (P=25 ) Task 0 (P=25 ) YES ✓     
Extreme U=1.30            1.30       Task 0 (P=25 ) Task 0 (P=25 ) YES ✓     
Extreme U=1.40            1.40       Task 1 (P=35 ) Task 0 (P=25 ) NO ✗      
Extreme U=1.50            1.50       Task 0 (P=25 ) Task 0 (P=25 ) YES ✓     

================================================================================
KEY INSIGHT
================================================================================

PPO aligns with RMS on primary choice: 4/6 conditions

✗ STRATEGY INSIGHT: PPO doesn't consistently learn RMS heuristic.
  The core scheduling strategy needs improvement.
  • Add explicit reward bonus for selecting short-period tasks
  • Strengthen urgency weights for deadline-critical situations
  • Consider curriculum training emphasis on period-based priority

================================================================================
